
> website@0.0.0 build
> tsc -b && vite build

src/contexts/LanguageContext.tsx(78,37): error TS7053: Element implicitly has an 'any' type because expression of type '"zh" | "es" | "ja" | "fr"' can't be used to index type 'typeof import("J:/ai_trader/Website/src/i18n/zh") | typeof import("J:/ai_trader/Website/src/i18n/es") | typeof import("J:/ai_trader/Website/src/i18n/ja") | typeof import("J:/ai_trader/Website/src/i18n/fr")'.
  Property 'zh' does not exist on type 'typeof import("J:/ai_trader/Website/src/i18n/zh") | typeof import("J:/ai_trader/Website/src/i18n/es") | typeof import("J:/ai_trader/Website/src/i18n/ja") | typeof import("J:/ai_trader/Website/src/i18n/fr")'.
